==============================================================
$ npm run typecheck
--- started 2026-09-14T11:12:11Z in /Users/usman/Documents/projects/motion-website-generator/.git/aiteam-worktrees/TASK-0001

> imaginary-fragrances@0.1.0 typecheck
> tsc -b --noEmit

--- exit 0
==============================================================
$ npm run build
--- started 2026-09-14T11:12:13Z in /Users/usman/Documents/projects/motion-website-generator/.git/aiteam-worktrees/TASK-0001

> imaginary-fragrances@0.1.0 build
> tsc -b && vite build

vite v6.4.3 building for production...
transforming...
✓ 43 modules transformed.
rendering chunks...
computing gzip size...
dist/index.html                   0.88 kB │ gzip:   0.46 kB
dist/assets/index-D_5ms49F.css    8.32 kB │ gzip:   2.50 kB
dist/assets/index-BBbOBwnH.js   290.81 kB │ gzip: 101.47 kB
✓ built in 562ms
--- exit 0
