==============================================================
$ npm run typecheck
--- started 2026-09-14T14:13:09Z in /Users/usman/Documents/projects/motion-website-generator/.git/aiteam-worktrees/TASK-0002

> imaginary-fragrances@0.1.0 typecheck
> tsc -b --noEmit

--- exit 0
==============================================================
$ npm run build
--- started 2026-09-14T14:13:11Z in /Users/usman/Documents/projects/motion-website-generator/.git/aiteam-worktrees/TASK-0002

> imaginary-fragrances@0.1.0 build
> tsc -b && vite build

vite v6.4.3 building for production...
transforming...
✓ 43 modules transformed.
rendering chunks...
computing gzip size...
dist/index.html                   0.88 kB │ gzip:   0.46 kB
dist/assets/index-D_5ms49F.css    8.32 kB │ gzip:   2.50 kB
dist/assets/index-Ct6hzBPE.js   290.75 kB │ gzip: 101.44 kB
✓ built in 566ms
--- exit 0
